[medperto.com.br/index.html]
[backblue.gif]
[fade.gif]
[index.html]
[medperto.com.br/wp-content/themes/astra/assets/css/minified/frontend.min8686.css]
[medperto.com.br/wp-content/themes/astra/assets/fonts/astra.woff]
[medperto.com.br/wp-content/plugins/elementor/assets/lib/eicons/css/elementor-icons.min192d.css]
[medperto.com.br/wp-content/plugins/elementor/assets/css/frontend-lite.min8864.css]
[medperto.com.br/wp-content/plugins/elementor/assets/lib/swiper/v8/css/swiper.min94a4.css]
[medperto.com.br/wp-content/uploads/elementor/css/post-43536f8.css]
[medperto.com.br/wp-content/plugins/elementor/assets/lib/font-awesome/css/all.min8864.css]
[medperto.com.br/wp-content/plugins/elementor/assets/lib/font-awesome/css/v4-shims.min8864.css]
[medperto.com.br/feed/index.html]
[medperto.com.br/wp-content/uploads/elementor/css/post-5294bd5.css]
[medperto.com.br/wp-content/plugins/elementor/assets/lib/font-awesome/css/fontawesome.min52d5.css]
[medperto.com.br/wp-content/plugins/elementor/assets/lib/font-awesome/css/solid.min52d5.css]
[medperto.com.br/wp-content/plugins/elementor/assets/lib/font-awesome/css/brands.min52d5.css]
[medperto.com.br/comments/feed/index.html]
[medperto.com.br/wp-content/plugins/elementor/assets/lib/font-awesome/js/v4-shims.min8864.js]
[medperto.com.br/wp-json/index.html]
[medperto.com.br/wp-json/wp/v2/pages/529.json]
[medperto.com.br/xmlrpc0db0.php]
[medperto.com.br/wp-json/oembed/1.0/embedaf5f.json]
[medperto.com.br/wp-json/oembed/1.0/embed8b36]
[medperto.com.br/wp-content/uploads/2023/11/cropped-ljhn-e1700635941703-32x32.png]
[medperto.com.br/wp-content/uploads/2023/11/cropped-ljhn-e1700635941703-192x192.png]
[medperto.com.br/wp-content/uploads/2023/11/cropped-ljhn-e1700635941703-180x180.png]
[medperto.com.br/wp-content/uploads/2023/11/Logo-Vetorizada-branca-2-e1700617564187-183x45.png]
[medperto.com.br/wp-content/uploads/2023/11/A-MedPerto-e-uma-startup-que-busca-mudar-a-maneira-de-conectar-as-pessoas.-5-1.png]
[medperto.com.br/wp-content/uploads/2023/11/A-MedPerto-e-uma-startup-que-busca-mudar-a-maneira-de-conectar-as-pessoas.-6.png]
[medperto.com.br/wp-content/uploads/2023/11/A-MedPerto-e-uma-startup-que-busca-mudar-a-maneira-de-conectar-as-pessoas.-7.png]
[medperto.com.br/wp-content/uploads/2023/11/A-MedPerto-e-uma-startup-que-busca-mudar-a-maneira-de-conectar-as-pessoas.-13-1024x822.png]
[medperto.com.br/wp-content/uploads/2023/11/A-MedPerto-e-uma-startup-que-busca-mudar-a-maneira-de-conectar-as-pessoas.-12-150x150.png]
[medperto.com.br/wp-content/uploads/2023/11/A-MedPerto-e-uma-startup-que-busca-mudar-a-maneira-de-conectar-as-pessoas.-11-150x150.png]
[medperto.com.br/wp-content/plugins/elementor/assets/lib/animations/animations.min8864.css]
[medperto.com.br/wp-content/themes/astra/assets/js/minified/frontend.min8686.js]
[medperto.com.br/wp-content/plugins/elementor/assets/js/webpack.runtime.min8864.js]
[medperto.com.br/wp-content/plugins/elementor/assets/js/frontend-modules.min8864.js]
[medperto.com.br/sobre-nos/index.html]
[medperto.com.br/wp-content/plugins/elementor/assets/lib/waypoints/waypoints.min05da.js]
[medperto.com.br/wp-includes/js/jquery/ui/core.min3f14.js]
[medperto.com.br/wp-content/plugins/elementor/assets/js/frontend.min8864.js]
[medperto.com.br/wp-includes/js/underscore.mind584.js]
[medperto.com.br/wp-includes/js/wp-util.minaec2.js]
[medperto.com.br/product-2/index.html]
[medperto.com.br/wp-content/plugins/wpforms-lite/assets/js/integrations/elementor/frontend.minda65.js]
[medperto.com.br/index.html]
[medperto.com.br/wp-content/themes/astra/assets/css/minified/frontend.min8686.css]
[medperto.com.br/wp-content/plugins/elementor/assets/lib/eicons/fonts/eicons9506.eot]
[medperto.com.br/contact/index.html]
[medperto.com.br/wp-content/plugins/elementor/assets/lib/eicons/fonts/eicons9506.woff]
[medperto.com.br/wp-content/plugins/elementor/assets/lib/eicons/fonts/eicons9506.ttf]
[medperto.com.br/wp-content/plugins/elementor/assets/lib/eicons/css/elementor-icons.min192d.css]
[medperto.com.br/wp-content/plugins/elementor/assets/css/frontend-lite.min8864.css]
[medperto.com.br/wp-content/plugins/elementor/assets/lib/swiper/v8/css/swiper.min94a4.css]
[medperto.com.br/wp-content/uploads/elementor/css/post-43536f8.css]
[medperto.com.br/wp-content/plugins/elementor/assets/lib/font-awesome/webfonts/fa-brands-400.eot]
[medperto.com.br/wp-content/plugins/elementor/assets/lib/font-awesome/webfonts/fa-brands-400d41d.eot]
[medperto.com.br/wp-content/plugins/elementor/assets/lib/font-awesome/webfonts/fa-brands-400.woff]
[medperto.com.br/wp-content/plugins/elementor/assets/lib/font-awesome/webfonts/fa-brands-400.ttf]
[medperto.com.br/wp-content/plugins/elementor/assets/lib/font-awesome/webfonts/fa-regular-400.eot]
[medperto.com.br/wp-content/plugins/elementor/assets/lib/font-awesome/webfonts/fa-regular-400d41d.eot]
[medperto.com.br/wp-content/plugins/elementor/assets/lib/font-awesome/webfonts/fa-regular-400.woff]
[medperto.com.br/wp-content/plugins/elementor/assets/lib/font-awesome/webfonts/fa-regular-400.ttf]
[medperto.com.br/wp-content/plugins/elementor/assets/lib/font-awesome/webfonts/fa-solid-900.eot]
[medperto.com.br/wp-content/plugins/elementor/assets/lib/font-awesome/webfonts/fa-solid-900d41d.eot]
[medperto.com.br/wp-content/plugins/elementor/assets/lib/font-awesome/webfonts/fa-solid-900.woff]
[medperto.com.br/wp-content/plugins/elementor/assets/lib/font-awesome/webfonts/fa-solid-900.ttf]
[medperto.com.br/wp-content/plugins/elementor/assets/lib/font-awesome/css/all.min8864.css]
[medperto.com.br/wp-content/plugins/elementor/assets/lib/font-awesome/css/v4-shims.min8864.css]
[medperto.com.br/wp-content/uploads/2023/11/A-MedPerto-e-uma-startup-que-busca-mudar-a-maneira-de-conectar-as-pessoas.-1.png]
[medperto.com.br/wp-content/uploads/elementor/css/post-5294bd5.css]
[medperto.com.br/wp-content/plugins/elementor/assets/lib/font-awesome/css/fontawesome.min52d5.css]
[medperto.com.br/wp-content/plugins/elementor/assets/lib/font-awesome/css/solid.min52d5.css]
[medperto.com.br/wp-content/plugins/elementor/assets/lib/font-awesome/css/brands.min52d5.css]
[medperto.com.br/wp-content/uploads/2023/11/A-MedPerto-e-uma-startup-que-busca-mudar-a-maneira-de-conectar-as-pessoas.-2.png]
[medperto.com.br/wp-json/oembed/1.0/embed4747.json]
[medperto.com.br/wp-json/oembed/1.0/embedbcb1]
[medperto.com.br/sobre-nos/index.html]
[medperto.com.br/wp-json/wp/v2/pages/531.json]
[medperto.com.br/wp-json/oembed/1.0/embedc3b9.json]
[medperto.com.br/product-2/index.html]
[medperto.com.br/wp-json/oembed/1.0/embedf49f]
[medperto.com.br/wp-content/plugins/elementor/assets/lib/font-awesome/css/regular.min52d5.css]
[medperto.com.br/wp-json/wp/v2/pages/533.json]
[medperto.com.br/wp-json/oembed/1.0/embeda2d4]
[medperto.com.br/wp-content/plugins/elementor/assets/css/widget-icon-list.min.css]
[medperto.com.br/wp-content/plugins/wpforms-lite/assets/lib/mailcheck.mincfa9.js]
[medperto.com.br/wp-content/plugins/wpforms-lite/assets/lib/punycode.min8a54.js]
[medperto.com.br/contact/index.html]
[medperto.com.br/wp-content/plugins/elementor/assets/lib/animations/animations.min8864.css]
[medperto.com.br/wp-includes/js/jquery/jquery.minf43b.js]
[medperto.com.br/wp-includes/js/jquery/jquery-migrate.min5589.js]
[medperto.com.br/wp-content/plugins/elementor/assets/lib/eicons/fonts/eicons9506.html]
[medperto.com.br/wp-content/plugins/elementor/assets/lib/eicons/fonts/eicons9506.svg]
[medperto.com.br/wp-content/plugins/elementor/assets/lib/font-awesome/webfonts/fa-brands-400.html]
[medperto.com.br/wp-content/plugins/elementor/assets/lib/font-awesome/webfonts/fa-brands-400.svg]
[medperto.com.br/wp-content/plugins/elementor/assets/lib/font-awesome/webfonts/fa-regular-400.html]
[medperto.com.br/wp-content/plugins/elementor/assets/lib/font-awesome/webfonts/fa-regular-400.svg]
[medperto.com.br/wp-content/plugins/elementor/assets/lib/font-awesome/webfonts/fa-solid-900.html]
[medperto.com.br/wp-content/plugins/elementor/assets/lib/font-awesome/webfonts/fa-solid-900.svg]
[medperto.com.br/wp-content/uploads/elementor/css/post-5305b8c.css]
[medperto.com.br/wp-content/uploads/elementor/css/post-5317a0d.css]
[medperto.com.br/wp-content/plugins/elementor/assets/lib/font-awesome/css/regular.min52d5.css]
[medperto.com.br/wp-content/uploads/elementor/css/post-533fdcc.css]
[medperto.com.br/wp-content/plugins/elementor/assets/css/widget-icon-list.min.css]
[medperto.com.br/wp-content/plugins/wpforms-lite/assets/lib/jquery.validate.min7e9d.js]
[medperto.com.br/wp-content/plugins/wpforms-lite/assets/js/utils.minda65.js]
[medperto.com.br/wp-content/uploads/2023/11/A-MedPerto-e-uma-startup-que-busca-mudar-a-maneira-de-conectar-as-pessoas.-8.png]
[medperto.com.br/wp-content/uploads/elementor/css/post-5305b8c.css]
[medperto.com.br/indexde52.html]
[medperto.com.br/wp-content/uploads/2023/11/doctor-telemedicine-laptop-6161898.jpg]
[medperto.com.br/wp-content/uploads/elementor/css/post-5317a0d.css]
[medperto.com.br/wp-content/plugins/wpforms-lite/assets/css/frontend/classic/wpforms-base.minda65.css]
[medperto.com.br/wp-content/uploads/elementor/css/post-533fdcc.css]
[medperto.com.br/index7414.html]
[medperto.com.br/wp-content/plugins/wpforms-lite/assets/js/wpforms.minda65.js]
[medperto.com.br/wp-json/wp/v2/pages/530]
[medperto.com.br/index7398.html]
[medperto.com.br/wp-content/plugins/wpforms-lite/assets/pro/images/times-solid-white.svg]
[medperto.com.br/wp-content/plugins/wpforms-lite/assets/css/frontend/classic/wpforms-base.minda65.css]
[medperto.com.br/wp-json/oembed/1.0/embedf8e9]
[medperto.com.br/wp-content/plugins/wpforms-lite/assets/pro/images/times-solid-white.html]
